[INFO] Scanning for projects...
[INFO] Tycho Version:  4.0.8 (d07e53b9e5b0b4c40ee529fb831732f631e4e3ef)
[INFO] Tycho Mode:     project
[INFO] Tycho Builder:  maven
[INFO] Build Threads:  1
[INFO] ------------------------------------------------------------------------
[INFO] Reactor Build Order:
[INFO]
[INFO] parent                                                             [pom]
[INFO] com.rubberjam.fusion.eclipse                            [eclipse-plugin]
[INFO]
[INFO] --------------------< com.rubberjam.fusion:parent >---------------------
[INFO] Building parent 1.0.0-SNAPSHOT                                     [1/2]
[INFO]   from pom.xml
[INFO] --------------------------------[ pom ]---------------------------------
[INFO]
[INFO] --- clean:3.2.0:clean (default-clean) @ parent ---
[INFO]
[INFO] ---------< com.rubberjam.fusion:com.rubberjam.fusion.eclipse >----------
[INFO] Building com.rubberjam.fusion.eclipse 1.0.0-SNAPSHOT               [2/2]
[INFO]   from com.rubberjam.fusion.eclipse/pom.xml
[INFO] ---------------------------[ eclipse-plugin ]---------------------------
[INFO] ### Using TychoRepositoryTransport for remote P2 access ###
[INFO]     Cache location:         /home/jules/.m2/repository/.cache/tycho
[INFO]     Transport mode:         online
[INFO]     Http Transport type:    Java11Client
[INFO]     Update mode:            cache first
[INFO]     Minimum cache duration: 60 minutes
[INFO]       (you can configure this with -Dtycho.p2.transport.min-cache-minutes=<desired minimum cache duration>)
[INFO] Downloading from p2: https://download.eclipse.org/releases/latest/p2.index
[INFO] Downloaded from p2: https://download.eclipse.org/releases/latest/p2.index (122 bytes at 0 bytes/s)
[INFO] Adding repository https://download.eclipse.org/releases/latest
[INFO] Downloading from p2: https://download.eclipse.org/releases/2026-06/p2.index
[INFO] Downloaded from p2: https://download.eclipse.org/releases/2026-06/p2.index (122 bytes at 119 KB/s)
[INFO] Downloading from p2: https://download.eclipse.org/technology/epp/packages/2026-06/p2.index
[INFO] Downloading from p2: https://download.eclipse.org/technology/epp/packages/2026-06/202606041000/p2.index
[INFO] Downloaded from p2: https://download.eclipse.org/technology/epp/packages/2026-06/202606041000/p2.index (365 bytes at 356 KB/s)
[INFO] Downloading from p2: https://download.eclipse.org/releases/2026-06/202606101000/p2.index
[INFO] Downloaded from p2: https://download.eclipse.org/releases/2026-06/202606101000/p2.index (140 bytes at 136 KB/s)
[INFO] Downloading from p2: https://download.eclipse.org/releases/latest/p2.index
[INFO] Downloaded from p2: https://download.eclipse.org/releases/latest/p2.index (122 bytes at 119 KB/s)
[INFO] Downloading from p2: https://download.eclipse.org/releases/2026-06/p2.index
[INFO] Downloaded from p2: https://download.eclipse.org/releases/2026-06/p2.index (122 bytes at 119 KB/s)
[INFO] Downloading from p2: https://download.eclipse.org/technology/epp/packages/2026-06/p2.index
[INFO] Downloading from p2: https://download.eclipse.org/technology/epp/packages/2026-06/202606041000/p2.index
[INFO] Downloaded from p2: https://download.eclipse.org/technology/epp/packages/2026-06/202606041000/p2.index (365 bytes at 356 KB/s)
[INFO] Downloading from p2: https://download.eclipse.org/releases/2026-06/202606101000/p2.index
[INFO] Downloaded from p2: https://download.eclipse.org/releases/2026-06/202606101000/p2.index (140 bytes at 136 KB/s)
[INFO]
[INFO] --- clean:3.2.0:clean (default-clean) @ com.rubberjam.fusion.eclipse ---
[INFO] Deleting /app/com.rubberjam.fusion.eclipse/target
[INFO]
[INFO] --- tycho-packaging:4.0.8:build-qualifier (default-build-qualifier) @ com.rubberjam.fusion.eclipse ---
[INFO] The project's OSGi version is 1.0.0.202607130900
[INFO]
[INFO] --- tycho-packaging:4.0.8:validate-id (default-validate-id) @ com.rubberjam.fusion.eclipse ---
[INFO]
[INFO] --- tycho-packaging:4.0.8:validate-version (default-validate-version) @ com.rubberjam.fusion.eclipse ---
[INFO]
[INFO] --- target-platform-configuration:4.0.8:target-platform (default-target-platform) @ com.rubberjam.fusion.eclipse ---
[INFO]
[INFO] --- tycho-compiler:4.0.8:validate-classpath (default-validate-classpath) @ com.rubberjam.fusion.eclipse ---
[INFO] Resolving class path of com.rubberjam.fusion.eclipse
[INFO]
[INFO] --- resources:3.3.1:resources (default-resources) @ com.rubberjam.fusion.eclipse ---
[INFO] skip non existing resourceDirectory /app/com.rubberjam.fusion.eclipse/src/main/resources
[INFO]
[INFO] --- tycho-compiler:4.0.8:compile (default-compile) @ com.rubberjam.fusion.eclipse ---
[INFO] Compiling 4 source files to /app/com.rubberjam.fusion.eclipse/target/classes using Eclipse Compiler for Java(TM) 3.37.0.v20240215-1558
[INFO]
[INFO] --- tycho-bnd:4.0.8:process (default-process) @ com.rubberjam.fusion.eclipse ---
[INFO]
[INFO] --- tycho-ds:4.0.8:declarative-services (default-declarative-services) @ com.rubberjam.fusion.eclipse ---
[INFO]
[INFO] --- resources:3.3.1:testResources (default-testResources) @ com.rubberjam.fusion.eclipse ---
[INFO] skip non existing resourceDirectory /app/com.rubberjam.fusion.eclipse/src/test/resources
[INFO]
[INFO] --- tycho-compiler:4.0.8:testCompile (default-testCompile) @ com.rubberjam.fusion.eclipse ---
[INFO]
[INFO] --- tycho-packaging:4.0.8:update-consumer-pom (default-update-consumer-pom) @ com.rubberjam.fusion.eclipse ---
[INFO] 146 system scoped dependencies were not mapped to maven artifacts
[INFO]
[INFO] --- tycho-packaging:4.0.8:package-plugin (default-package-plugin) @ com.rubberjam.fusion.eclipse ---
[INFO] Building jar: /app/com.rubberjam.fusion.eclipse/target/com.rubberjam.fusion.eclipse-1.0.0-SNAPSHOT.jar
[INFO]
[INFO] --- tycho-p2:4.0.8:p2-metadata-default (default-p2-metadata-default) @ com.rubberjam.fusion.eclipse ---
[INFO] ------------------------------------------------------------------------
[INFO] Reactor Summary for parent 1.0.0-SNAPSHOT:
[INFO]
[INFO] parent ............................................. SUCCESS [  0.080 s]
[INFO] com.rubberjam.fusion.eclipse ....................... SUCCESS [  6.324 s]
[INFO] ------------------------------------------------------------------------
[INFO] BUILD SUCCESS
[INFO] ------------------------------------------------------------------------
[INFO] Total time:  12.034 s
[INFO] Finished at: 2026-07-13T09:01:00Z
[INFO] ------------------------------------------------------------------------
